Renesas Optimizing Linker (W3.06.00 )             28-May-2024 13:27:33

*** Options ***

-MAKEUD=DefaultBuild\RL78_G15_SelfTest.lk.ud
-subcommand=DefaultBuild\RL78_G15_SelfTest.clnk
-Input=DefaultBuild\main.obj
-Input=DefaultBuild\Config_PORT.obj
-Input=DefaultBuild\Config_PORT_user.obj
-Input=DefaultBuild\r_cg_systeminit.obj
-Input=DefaultBuild\r_cg_tau_common.obj
-Input=DefaultBuild\hdwinit.obj
-Input=DefaultBuild\r_bsp_init.obj
-Input=DefaultBuild\stkinit.obj
-Input=DefaultBuild\cstart.obj
-Input=DefaultBuild\r_bsp_common.obj
-Input=DefaultBuild\r_bsp_common_ccrl.obj
-Input=DefaultBuild\mcu_clocks.obj
-Input=DefaultBuild\Pin.obj
-Input=DefaultBuild\Config_INTC.obj
-Input=DefaultBuild\Config_INTC_user.obj
-Input=DefaultBuild\Config_TAU0_1.obj
-Input=DefaultBuild\Config_TAU0_1_user.obj
-Input=DefaultBuild\custom_func.obj
-Input=DefaultBuild\misc_config.obj
-Input=DefaultBuild\Config_UART0.obj
-Input=DefaultBuild\Config_UART0_user.obj
-Input=DefaultBuild\r_cg_sau_common.obj
-SECURITY_ID=00000000000000000000
-DEVICE=C:\Program Files (x86)\Renesas Electronics\CS+\CC\Device\RL78\Devicefile\DR5F12068.DVF
-DEBug
-NOCOmpress
-NOOPtimize
-OUtput=DefaultBuild\RL78_G15_SelfTest.abs
-OCDBG=85
-DEBUG_MONITOR=01E00-01FFF
-USER_OPT_BYTE=EFF7F9
-RRM=FFB00
-LISt=DefaultBuild\RL78_G15_SelfTest.map
-SHow=Reference,Xreference,Total_size
-AUTO_SECTION_LAYOUT
-ROm=.data=.dataR
-ROm=.sdata=.sdataR
-NOMessage
-Total_size
-NOLOgo
-LIBrary=DefaultBuild\RL78_G15_SelfTest.lib
-end

*** Error information ***

*** Mapping List ***

SECTION                            START      END         SIZE   ALIGN
.vect
                                  00000000  0000007f        80   0
.constf
                                  00000080  00000080         0   2
.init_array
                                  00000080  00000080         0   2
.sdata
                                  00000080  00000080         0   2
.data
                                  00000082  00000088         7   2
.option_byte
                                  000000c0  000000c3         4   1
.security_id
                                  000000c4  000000cd         a   1
.RLIB
                                  000000c4  000000c4         0   1
.monitor1
                                  000000ce  000000d7         a   1
.text
                                  000000d8  00000259       182   1
.const
                                  00000800  00000929       12a   2
.textf
                                  0000092a  000011d7       8ae   1
.SLIB
                                  000011d8  00001952       77b   1
.monitor2
                                  00001e00  00001fff       200   1
.rrm
                                  000ffb00  000ffb03         4   1
.bss
                                  000ffb04  000ffb13        10   2
.dataR
                                  000ffb14  000ffb1a         7   2
.sbss
                                  000ffe20  000ffe20         0   2
.sdataR
                                  000ffe20  000ffe20         0   2

*** Total Section Size ***

RAMDATA SECTION:  0000001b Byte(s)
ROMDATA SECTION:  000003c9 Byte(s)
PROGRAM SECTION:  000011ab Byte(s)

*** Symbol List ***

SECTION=
FILE=                               START        END    SIZE
  SYMBOL                            ADDR        SIZE    INFO      COUNTS  OPT

SECTION=.vect
FILE=rlink_generates_05
                                  00000000  0000007f        80

SECTION=.data
FILE=DefaultBuild\custom_func.obj
                                  00000082  00000088         7

SECTION=.option_byte
FILE=rlink_generates_01
                                  000000c0  000000c3         4

SECTION=.security_id
FILE=rlink_generates_04
                                  000000c4  000000cd         a

SECTION=.monitor1
FILE=rlink_generates_02
                                  000000ce  000000d7         a

SECTION=.text
FILE=DefaultBuild\cstart.obj
                                  000000d8  0000014e        77
  _start
                                  000000d8         0   none ,g         0
  _exit
                                  0000014c         0   none ,g         1
  _atexit
                                  0000014e         0   none ,g         0
FILE=DefaultBuild\r_bsp_common_ccrl.obj
                                  0000014f  0000015a         c
  _delay_wait
                                  0000014f         0   none ,g         0
  loop
                                  0000014f         0   none ,l         2
  check
                                  00000156         0   none ,l         1
  _exit
                                  0000015a         0   none ,l         0
FILE=DefaultBuild\Config_INTC_user.obj
                                  0000015b  00000174        1a
  _r_Config_INTC_intp0_interrupt@1
                                  0000015b        1a   func ,l         0
FILE=DefaultBuild\Config_TAU0_1_user.obj
                                  00000175  0000018e        1a
  _r_Config_TAU0_1_interrupt@1
                                  00000175        1a   func ,l         0
FILE=DefaultBuild\Config_UART0_user.obj
                                  0000018f  00000259        cb
  _r_Config_UART0_interrupt_send@1
                                  0000018f        39   func ,l         0
  _r_Config_UART0_interrupt_receive@1
                                  000001c8        5f   func ,l         0
  _r_Config_UART0_interrupt_error@1
                                  00000227        33   func ,l         0

SECTION=.const
FILE=DefaultBuild\mcu_clocks.obj
                                  00000800  0000081f        20
  _g_fih_hz
                                  00000800        20   data ,g         1
FILE=DefaultBuild\custom_func.obj
                                  00000820  00000897        78
  _illegal_Instruction@3@_reset_by_illegal_instruction
                                  0000087b         1   data ,l         1
  ___T1000000@4@hardware_init
                                  0000087c         e   data ,l         1
FILE=DefaultBuild\misc_config.obj
                                  00000898  00000929        92

SECTION=.textf
FILE=DefaultBuild\main.obj
                                  0000092a  00000933         a
  _main
                                  0000092a         a   func ,g         1
FILE=DefaultBuild\Config_PORT.obj
                                  00000934  00000944        11
  _R_Config_PORT_Create
                                  00000934        11   func ,g         1
FILE=DefaultBuild\Config_PORT_user.obj
                                  00000945  00000945         1
  _R_Config_PORT_Create_UserInit
                                  00000945         1   func ,g         1
FILE=DefaultBuild\r_cg_systeminit.obj
                                  00000946  00000956        11
  _R_Systeminit
                                  00000946        11   func ,g         1
FILE=DefaultBuild\r_cg_tau_common.obj
                                  00000957  00000969        13
  _R_TAU0_Create
                                  00000957         9   func ,g         1
  _R_TAU0_Set_PowerOn
                                  00000960         5   func ,g         0
  _R_TAU0_Set_PowerOff
                                  00000965         5   func ,g         0
FILE=DefaultBuild\hdwinit.obj
                                  0000096a  0000097c        13
  _hdwinit
                                  0000096a         a   func ,g         1
  _output_ports_configure@1
                                  00000974         2   func ,l         1
  _interrupts_configure@1
                                  00000976         2   func ,l         1
  _peripheral_modules_enable@1
                                  00000978         5   func ,l         1
FILE=DefaultBuild\r_bsp_init.obj
                                  0000097d  00000993        17
  _bsp_init_system
                                  0000097d        12   func ,g         1
  _bsp_init_hardware
                                  0000098f         5   func ,g         1
FILE=DefaultBuild\stkinit.obj
                                  00000994  000009d7        44
  _stkinit
                                  00000994         0   none ,g         1
  LSTINIT1
                                  000009a2         0   none ,l         1
  LSTINIT2
                                  000009cc         0   none ,l         2
  LSTINIT3
                                  000009d7         0   none ,l         2
FILE=DefaultBuild\r_bsp_common.obj
                                  000009d8  000009e8        11
  _R_BSP_GetFclkFreqHz
                                  000009d8        11   func ,g         0
FILE=DefaultBuild\mcu_clocks.obj
                                  000009e9  00000a40        58
  _get_fclk_freq_hz
                                  000009e9        36   func ,g         1
  _mcu_clock_setup
                                  00000a1f        22   func ,g         1
FILE=DefaultBuild\Pin.obj
                                  00000a41  00000a41         1
  _R_Pins_Create
                                  00000a41         1   func ,g         0
FILE=DefaultBuild\Config_INTC.obj
                                  00000a42  00000a66        25
  _R_Config_INTC_Create
                                  00000a42        17   func ,g         1
  _R_Config_INTC_INTP0_Start
                                  00000a59         7   func ,g         1
  _R_Config_INTC_INTP0_Stop
                                  00000a60         7   func ,g         0
FILE=DefaultBuild\Config_INTC_user.obj
                                  00000a67  00000a67         1
  _R_Config_INTC_Create_UserInit
                                  00000a67         1   func ,g         1
FILE=DefaultBuild\Config_TAU0_1.obj
                                  00000a68  00000ad8        71
  _R_Config_TAU0_1_Create
                                  00000a68        51   func ,g         1
  _R_Config_TAU0_1_Start
                                  00000ab9        10   func ,g         1
  _R_Config_TAU0_1_Stop
                                  00000ac9        10   func ,g         0
FILE=DefaultBuild\Config_TAU0_1_user.obj
                                  00000ad9  00000ad9         1
  _R_Config_TAU0_1_Create_UserInit
                                  00000ad9         1   func ,g         1
FILE=DefaultBuild\custom_func.obj
                                  00000ada  00000db7       2de
  _set_TIMER_PERIOD_1000MS
                                  00000ada         5   func ,g         1
  _reset_TIMER_PERIOD_1000MS
                                  00000adf         5   func ,g         1
  _Is_TIMER_PERIOD_1000MS_Trig
                                  00000ae4         d   func ,g         1
  _btn_get_tick
                                  00000af1         8   func ,g         2
  _btn_set_tick
                                  00000af9         8   func ,g         3
  _btn_tick_counter
                                  00000b01        11   func ,g         1
  _get_tick
                                  00000b12         8   func ,g         7
  _set_tick
                                  00000b1a         8   func ,g         1
  _tick_counter
                                  00000b22        11   func ,g         1
  _delay_ms
                                  00000b33        4d   func ,g         0
  _Timer_1ms_IRQ
                                  00000b80        1b   func ,g         1
  _LED_Toggle
                                  00000b9b        19   func ,g         1
  _loop
                                  00000bb4        2f   func ,g         1
  _Button_Process_long_counter
                                  00000be3         f   func ,g         1
  _Button_Process_in_polling
                                  00000bf2        92   func ,g         1
  _Button_Process_in_IRQ
                                  00000c84         5   func ,g         1
  _UARTx_Process
                                  00000c89        b0   func ,g         1
  __reset_by_illegal_instruction
                                  00000d39        16   func ,g         1
  __reset_by_illegal_memory_access
                                  00000d4f         1   func ,g         1
  _RL78_soft_reset
                                  00000d50        1c   func ,g         2
  _putchar
                                  00000d6c        1a   func ,g         2
  _hardware_init
                                  00000d86        32   func ,g         1
FILE=DefaultBuild\misc_config.obj
                                  00000db8  00001053       29c
  _compare_buffer
                                  00000db8        9f   func ,g         0
  _reset_buffer
                                  00000e57        28   func ,g         0
  _copy_buffer
                                  00000e7f        34   func ,g         0
  _dump_buffer
                                  00000eb3        81   func ,g         0
  _dump_buffer_hex
                                  00000f34       120   func ,g         0
FILE=DefaultBuild\Config_UART0.obj
                                  00001054  000011b1       15e
  _R_Config_UART0_Create
                                  00001054        a5   func ,g         1
  _R_Config_UART0_Start
                                  000010f9        2e   func ,g         1
  _R_Config_UART0_Stop
                                  00001127        25   func ,g         0
  _R_Config_UART0_Send
                                  0000114c        3a   func ,g         0
  _R_Config_UART0_Receive
                                  00001186        2c   func ,g         0
FILE=DefaultBuild\Config_UART0_user.obj
                                  000011b2  000011c4        13
  _R_Config_UART0_Create_UserInit
                                  000011b2         1   func ,g         1
  _r_Config_UART0_callback_sendend@1
                                  000011b3         1   func ,l         1
  _r_Config_UART0_callback_receiveend@1
                                  000011b4         1   func ,l         1
  _r_Config_UART0_callback_error@1
                                  000011b5         5   func ,l         1
  _r_Config_UART0_callback_softwareoverrun@1
                                  000011ba         b   func ,l         1
FILE=DefaultBuild\r_cg_sau_common.obj
                                  000011c5  000011d7        13
  _R_SAU0_Create
                                  000011c5         9   func ,g         1
  _R_SAU0_Set_PowerOn
                                  000011ce         5   func ,g         0
  _R_SAU0_Set_PowerOff
                                  000011d3         5   func ,g         0

SECTION=.SLIB
FILE=_COM_uirem
                                  000011d8  000011ef        18
  __COM_uirem
                                  000011d8         0   none ,g         1
FILE=printf_tiny
                                  000011f0  000012aa        bb
  _printf_tiny
                                  000011f0        b6   func ,g        14
  __REL_pc@1
                                  000012a6         5   func ,l         2
FILE=_REL_print_tiny
                                  000012ab  000018aa       600
  __REL_print_tiny
                                  000012ab       600   func ,g         1
FILE=_COM_uldiv
                                  000018ab  000018fb        51
  __COM_uldiv
                                  000018b0         0   none ,g         1
FILE=_COM_ulrem
                                  000018fc  00001948        4d
  __COM_ulrem
                                  000018fe         0   none ,g         1
FILE=isdigit
                                  00001949  00001952         a
  _isdigit
                                  00001949         0   none ,g         1

SECTION=.monitor2
FILE=rlink_generates_02
                                  00001e00  00001fff       200

SECTION=.rrm
FILE=rlink_generates_03
                                  000ffb00  000ffb03         4

SECTION=.bss
FILE=DefaultBuild\custom_func.obj
                                  000ffb04  000ffb07         4
  _flag_PROJ_CTL
                                  000ffb04         4   data ,g         f
FILE=DefaultBuild\misc_config.obj
                                  000ffb08  000ffb08         1
  _flag_MISC_CTL
                                  000ffb08         1   data ,g         3
FILE=DefaultBuild\Config_UART0.obj
                                  000ffb0a  000ffb13         a
  _gp_uart0_tx_address
                                  000ffb0a         2   data ,g         5
  _g_uart0_tx_count
                                  000ffb0c         2   data ,g         4
  _gp_uart0_rx_address
                                  000ffb0e         2   data ,g         4
  _g_uart0_rx_count
                                  000ffb10         2   data ,g         4
  _g_uart0_rx_length
                                  000ffb12         2   data ,g         3

SECTION=.dataR
FILE=DefaultBuild\custom_func.obj
                                  000ffb14  000ffb1a         7
  _counter_tick
                                  000ffb14         2   data ,g         3
  _btn_counter_tick
                                  000ffb16         2   data ,g         3
  _LOG1@1@loop
                                  000ffb18         2   data ,l         2
  _cnt@2@Button_Process_in_polling
                                  000ffb1a         1   data ,l         6

Absolute value symbols
FILE=rlink_generates_06
  __s.textf
                                  0000092a         0   none ,g         0
  __e.textf
                                  000011d8         0   none ,g         0
  __s.text
                                  000000d8         0   none ,g         0
  __e.text
                                  0000025a         0   none ,g         0
  __s.const
                                  00000800         0   none ,g         0
  __e.const
                                  0000092a         0   none ,g         0
  __s.constf
                                  00000080         0   none ,g         0
  __e.constf
                                  00000080         0   none ,g         0
  __s.data
                                  00000082         0   none ,g         0
  __e.data
                                  00000089         0   none ,g         0
  __s.sdata
                                  00000080         0   none ,g         0
  __e.sdata
                                  00000080         0   none ,g         0
  __s.bss
                                  000ffb04         0   none ,g         0
  __e.bss
                                  000ffb14         0   none ,g         0
  __s.sbss
                                  000ffe20         0   none ,g         0
  __e.sbss
                                  000ffe20         0   none ,g         0
  __s.dataR
                                  000ffb14         0   none ,g         0
  __e.dataR
                                  000ffb1b         0   none ,g         0
  __s.sdataR
                                  000ffe20         0   none ,g         0
  __e.sdataR
                                  000ffe20         0   none ,g         0
  __s.init_array
                                  00000080         0   none ,g         0
  __e.init_array
                                  00000080         0   none ,g         0
  __s.RLIB
                                  000000c4         0   none ,g         0
  __e.RLIB
                                  000000c4         0   none ,g         0
  __s.SLIB
                                  000011d8         0   none ,g         0
  __e.SLIB
                                  00001953         0   none ,g         0
  __s.option_byte
                                  000000c0         0   none ,g         0
  __e.option_byte
                                  000000c4         0   none ,g         0
  __s.monitor1
                                  000000ce         0   none ,g         0
  __e.monitor1
                                  000000d8         0   none ,g         0
  __s.monitor2
                                  00001e00         0   none ,g         0
  __e.monitor2
                                  00002000         0   none ,g         0
  __s.rrm
                                  000ffb00         0   none ,g         0
  __e.rrm
                                  000ffb04         0   none ,g         0
  __s.security_id
                                  000000c4         0   none ,g         0
  __e.security_id
                                  000000ce         0   none ,g         0
  __s.vect
                                  00000000         0   none ,g         0
  __e.vect
                                  00000080         0   none ,g         0
  __RAM_ADDR_START
                                  000ffb00         0   none ,g         0
  __RAM_ADDR_END
                                  000ffee0         0   none ,g         0
  __STACK_ADDR_START
                                  000ffe20         0   none ,g         1
  __STACK_ADDR_END
                                  000ffb1c         0   none ,g         1

*** Unfilled Areas ***

AREA                                START    END

*** Delete Symbols ***

SYMBOL                                SIZE    INFO

*** Cross Reference List ***

No   Unit Name   Global.Symbol   Location External Infomation
---- ----------- --------------- -------- ---------------------
0001 main
     SECTION=.textf
                 _main
                                 0000092a 0009(00000148:.text)
0002 Config_PORT
     SECTION=.textf
                 _R_Config_PORT_Create
                                 00000934 0004(00000947:.textf)
0003 Config_PORT_user
     SECTION=.textf
                 _R_Config_PORT_Create_UserInit
                                 00000945 0002(00000941:.textf)
0004 r_cg_systeminit
     SECTION=.textf
                 _R_Systeminit
                                 00000946 0006(00000979:.textf)
0005 r_cg_tau_common
     SECTION=.textf
                 _R_TAU0_Create
                                 00000957 0004(0000094b:.textf)
                 _R_TAU0_Set_PowerOn
                                 00000960
                 _R_TAU0_Set_PowerOff
                                 00000965
0006 hdwinit
     SECTION=.textf
                 _hdwinit
                                 0000096a 0007(00000990:.textf)
0007 r_bsp_init
     SECTION=.textf
                 _bsp_init_system
                                 0000097d 0009(000000e4:.text)
                 _bsp_init_hardware
                                 0000098f 0009(00000144:.text)
0008 stkinit
     SECTION=.textf
                 _stkinit
                                 00000994 0009(000000e0:.text)
0009 cstart
     SECTION=.text
                 _start
                                 000000d8
                 _exit
                                 0000014c 0009(0000014d:.text)
                 _atexit
                                 0000014e
     SECTION=.textf
     SECTION=.const
     SECTION=.constf
     SECTION=.data
     SECTION=.sdata
     SECTION=.bss
     SECTION=.sbss
     SECTION=.dataR
     SECTION=.sdataR
     SECTION=.init_array
     SECTION=.RLIB
     SECTION=.SLIB
     SECTION=.dataR
     SECTION=.sdataR
0010 r_bsp_common
     SECTION=.textf
                 _R_BSP_GetFclkFreqHz
                                 000009d8
0011 r_bsp_common_ccrl
     SECTION=.text
                 _delay_wait
                                 0000014f
0012 mcu_clocks
     SECTION=.const
                 _g_fih_hz
                                 00000800 0012(00000a07:.textf)
     SECTION=.textf
                 _get_fclk_freq_hz
                                 000009e9 0010(000009db:.textf)
                 _mcu_clock_setup
                                 00000a1f 0007(0000098b:.textf)
0013 Pin
     SECTION=.textf
                 _R_Pins_Create
                                 00000a41
0014 Config_INTC
     SECTION=.textf
                 _R_Config_INTC_Create
                                 00000a42 0004(00000953:.textf)
                 _R_Config_INTC_INTP0_Start
                                 00000a59 0018(00000d94:.textf)
                 _R_Config_INTC_INTP0_Stop
                                 00000a60
0015 Config_INTC_user
     SECTION=.textf
                 _R_Config_INTC_Create_UserInit
                                 00000a67 0014(00000a55:.textf)
     SECTION=.text
0016 Config_TAU0_1
     SECTION=.textf
                 _R_Config_TAU0_1_Create
                                 00000a68 0005(0000095c:.textf)
                 _R_Config_TAU0_1_Start
                                 00000ab9 0018(00000d90:.textf)
                 _R_Config_TAU0_1_Stop
                                 00000ac9
0017 Config_TAU0_1_user
     SECTION=.textf
                 _R_Config_TAU0_1_Create_UserInit
                                 00000ad9 0016(00000ab5:.textf)
     SECTION=.text
0018 custom_func
     SECTION=.textf
                 _set_TIMER_PERIOD_1000MS
                                 00000ada 0018(00000b92:.textf)
                 _reset_TIMER_PERIOD_1000MS
                                 00000adf 0018(00000bbd:.textf)
                 _Is_TIMER_PERIOD_1000MS_Trig
                                 00000ae4 0018(00000bb7:.textf)
                 _btn_get_tick
                                 00000af1 0018(00000b05:.textf)
                                          0018(00000c50:.textf)
                 _btn_set_tick
                                 00000af9 0018(00000b0e:.textf)
                                          0018(00000bef:.textf)
                                          0018(00000c78:.textf)
                 _btn_tick_counter
                                 00000b01 0018(00000bea:.textf)
                 _get_tick
                                 00000b12 0018(00000b26:.textf)
                                          0018(00000b38:.textf)
                                          0018(00000b46:.textf)
                                          0018(00000b57:.textf)
                                          0018(00000b70:.textf)
                                          0018(00000b84:.textf)
                                          0018(00000b95:.textf)
                 _set_tick
                                 00000b1a 0018(00000b2f:.textf)
                 _tick_counter
                                 00000b22 0018(00000b81:.textf)
                 _delay_ms
                                 00000b33
                 _Timer_1ms_IRQ
                                 00000b80 0017(00000180:.text)
                 _LED_Toggle
                                 00000b9b 0018(00000bdb:.textf)
                 _loop
                                 00000bb4 0001(0000092f:.textf)
                 _Button_Process_long_counter
                                 00000be3 0018(00000b98:.textf)
                 _Button_Process_in_polling
                                 00000bf2 0018(00000bde:.textf)
                 _Button_Process_in_IRQ
                                 00000c84 0015(00000166:.text)
                 _UARTx_Process
                                 00000c89 0021(000011c0:.textf)
                 __reset_by_illegal_instruction
                                 00000d39 0018(00000d61:.textf)
                 __reset_by_illegal_memory_access
                                 00000d4f 0018(00000d66:.textf)
                 _RL78_soft_reset
                                 00000d50 0018(00000d2a:.textf)
                                          0018(00000d31:.textf)
                 _putchar
                                 00000d6c 0024(00001230:.SLIB)
                                          0024(000012a7:.SLIB)
                 _hardware_init
                                 00000d86 0001(0000092b:.textf)
     SECTION=.bss
                 _flag_PROJ_CTL
                                 000ffb04 0018(00000adc:.textf)
                                          0018(00000ae1:.textf)
                                          0018(00000ae6:.textf)
                                          0018(00000be4:.textf)
                                          0018(00000bf5:.textf)
                                          0018(00000c1b:.textf)
                                          0018(00000c27:.textf)
                                          0018(00000c46:.textf)
                                          0018(00000c7c:.textf)
                                          0018(00000c86:.textf)
                                          0018(00000d06:.textf)
                                          0018(00000d0d:.textf)
                                          0018(00000d14:.textf)
                                          0018(00000d1b:.textf)
                                          0018(00000d22:.textf)
     SECTION=.dataR
                 _counter_tick
                                 000ffb14 0018(00000b14:.textf)
                                          0018(00000b1e:.textf)
                                          0018(00000b23:.textf)
                 _btn_counter_tick
                                 000ffb16 0018(00000af3:.textf)
                                          0018(00000afd:.textf)
                                          0018(00000b02:.textf)
     SECTION=.const
     SECTION=.data
0019 misc_config
     SECTION=.textf
                 _compare_buffer
                                 00000db8
                 _reset_buffer
                                 00000e57
                 _copy_buffer
                                 00000e7f
                 _dump_buffer
                                 00000eb3
                 _dump_buffer_hex
                                 00000f34
     SECTION=.bss
                 _flag_MISC_CTL
                                 000ffb08 0019(00000e0b:.textf)
                                          0019(00000e1b:.textf)
                                          0019(00000e52:.textf)
     SECTION=.const
0020 Config_UART0
     SECTION=.textf
                 _R_Config_UART0_Create
                                 00001054 0022(000011ca:.textf)
                 _R_Config_UART0_Start
                                 000010f9 0018(00000d8c:.textf)
                 _R_Config_UART0_Stop
                                 00001127
                 _R_Config_UART0_Send
                                 0000114c
                 _R_Config_UART0_Receive
                                 00001186
     SECTION=.bss
                 _gp_uart0_tx_address
                                 000ffb0a 0020(00001166:.textf)
                                          0020(00001171:.textf)
                                          0020(00001177:.textf)
                                          0021(000001a1:.text)
                                          0021(000001a7:.text)
                 _g_uart0_tx_count
                                 000ffb0c 0020(0000116b:.textf)
                                          0020(0000117a:.textf)
                                          0021(0000019a:.text)
                                          0021(000001aa:.text)
                 _gp_uart0_rx_address
                                 000ffb0e 0020(000011a9:.textf)
                                          0021(000001e1:.text)
                                          0021(000001e7:.text)
                                          0021(00000233:.text)
                 _g_uart0_rx_count
                                 000ffb10 0020(0000119f:.textf)
                                          0021(000001db:.text)
                                          0021(000001ea:.text)
                                          0021(000001f0:.text)
                 _g_uart0_rx_length
                                 000ffb12 0020(000011a4:.textf)
                                          0021(000001d8:.text)
                                          0021(000001ed:.text)
0021 Config_UART0_user
     SECTION=.textf
                 _R_Config_UART0_Create_UserInit
                                 000011b2 0020(000010f5:.textf)
     SECTION=.text
0022 r_cg_sau_common
     SECTION=.textf
                 _R_SAU0_Create
                                 000011c5 0004(0000094f:.textf)
                 _R_SAU0_Set_PowerOn
                                 000011ce
                 _R_SAU0_Set_PowerOff
                                 000011d3
0023 _COM_uirem
     SECTION=.SLIB
                 __COM_uirem
                                 000011d8 0018(00000b8a:.textf)
0024 printf_tiny
     SECTION=.SLIB
                 _printf_tiny
                                 000011f0 0018(00000bd6:.textf)
                                          0018(00000c10:.textf)
                                          0018(00000c73:.textf)
                                          0018(00000ca2:.textf)
                                          0018(00000cbc:.textf)
                                          0018(00000db2:.textf)
                                          0019(00000e04:.textf)
                                          0019(00000e3c:.textf)
                                          0019(00000e4d:.textf)
                                          0019(00000ecf:.textf)
                                          0019(00000ef3:.textf)
                                          0019(00000f10:.textf)
                                          0019(00000f2e:.textf)
                                          0019(00000f53:.textf)
                                          0019(00000f7b:.textf)
                                          0019(00000f9b:.textf)
                                          0019(00000ff6:.textf)
                                          0019(0000100a:.textf)
                                          0019(00001035:.textf)
                                          0019(0000104e:.textf)
0025 _REL_print_tiny
     SECTION=.SLIB
                 __REL_print_tiny
                                 000012ab 0024(00001283:.SLIB)
0026 _COM_uldiv
     SECTION=.SLIB
                 __COM_uldiv
                                 000018b0 0025(000014e9:.SLIB)
0027 _COM_ulrem
     SECTION=.SLIB
                 __COM_ulrem
                                 000018fe 0025(000014c3:.SLIB)
0028 isdigit
     SECTION=.SLIB
                 _isdigit
                                 00001949 0025(0000132f:.SLIB)
0029 rlink_generates_01
     SECTION=.option_byte
0030 rlink_generates_02
     SECTION=.monitor1
     SECTION=.monitor2
0031 rlink_generates_03
     SECTION=.rrm
0032 rlink_generates_04
     SECTION=.security_id
0033 rlink_generates_05
     SECTION=.vect
0034 rlink_generates_06
     SECTION=
                 __s.vect
                                 00000000
                 __s.constf
                                 00000080
                 __e.constf
                                 00000080
                 __s.sdata
                                 00000080
                 __e.sdata
                                 00000080
                 __s.init_array
                                 00000080
                 __e.init_array
                                 00000080
                 __e.vect
                                 00000080
                 __s.data
                                 00000082
                 __e.data
                                 00000089
                 __s.option_byte
                                 000000c0
                 __s.RLIB
                                 000000c4
                 __e.RLIB
                                 000000c4
                 __e.option_byte
                                 000000c4
                 __s.security_id
                                 000000c4
                 __s.monitor1
                                 000000ce
                 __e.security_id
                                 000000ce
                 __s.text
                                 000000d8
                 __e.monitor1
                                 000000d8
                 __e.text
                                 0000025a
                 __s.const
                                 00000800
                 __s.textf
                                 0000092a
                 __e.const
                                 0000092a
                 __e.textf
                                 000011d8
                 __s.SLIB
                                 000011d8
                 __e.SLIB
                                 00001953
                 __s.monitor2
                                 00001e00
                 __e.monitor2
                                 00002000
                 __s.rrm
                                 000ffb00
                 __RAM_ADDR_START
                                 000ffb00
                 __s.bss
                                 000ffb04
                 __e.rrm
                                 000ffb04
                 __e.bss
                                 000ffb14
                 __s.dataR
                                 000ffb14
                 __e.dataR
                                 000ffb1b
                 __STACK_ADDR_END
                                 000ffb1c 0009(000000dd:.text)
                 __s.sbss
                                 000ffe20
                 __e.sbss
                                 000ffe20
                 __s.sdataR
                                 000ffe20
                 __e.sdataR
                                 000ffe20
                 __STACK_ADDR_START
                                 000ffe20 0009(000000da:.text)
                 __RAM_ADDR_END
                                 000ffee0
