Renesas Optimizing Linker (W3.06.00 )             01-Mar-2024 09:47:51

*** Options ***

-MAKEUD=DefaultBuild\Study_RL78_F15_SelfTest.lk.ud
-subcommand=DefaultBuild\Study_RL78_F15_SelfTest.clnk
-Input=DefaultBuild\main.obj
-Input=DefaultBuild\Config_PORT.obj
-Input=DefaultBuild\Config_PORT_user.obj
-Input=DefaultBuild\Config_TAU0_0.obj
-Input=DefaultBuild\Config_TAU0_0_user.obj
-Input=DefaultBuild\r_cg_systeminit.obj
-Input=DefaultBuild\r_cg_tau_common.obj
-Input=DefaultBuild\hdwinit.obj
-Input=DefaultBuild\r_bsp_init.obj
-Input=DefaultBuild\stkinit.obj
-Input=DefaultBuild\cstart.obj
-Input=DefaultBuild\r_bsp_common.obj
-Input=DefaultBuild\r_bsp_common_ccrl.obj
-Input=DefaultBuild\mcu_clocks.obj
-Input=DefaultBuild\Pin.obj
-SECURITY_ID=00000000000000000000
-DEVICE=C:\Program Files (x86)\Renesas Electronics\CS+\CC\Device\RL78\Devicefile\DR5F12068.DVF
-DEBug
-NOCOmpress
-NOOPtimize
-OUtput=DefaultBuild\Study_RL78_F15_SelfTest.abs
-OCDBG=85
-DEBUG_MONITOR=01E00-01FFF
-USER_OPT_BYTE=EFF7F9
-RRM=FFB00
-LISt=DefaultBuild\Study_RL78_F15_SelfTest.map
-AUTO_SECTION_LAYOUT
-ROm=.data=.dataR
-ROm=.sdata=.sdataR
-NOMessage
-MEMory=High
-NOLOgo
-LIBrary=DefaultBuild\Study_RL78_F15_SelfTest.lib
-end

*** Error information ***

*** Mapping List ***

SECTION                            START      END         SIZE   ALIGN
.vect
                                  00000000  0000007f        80   0
.constf
                                  00000080  00000080         0   2
.init_array
                                  00000080  00000080         0   2
.sdata
                                  00000080  00000080         0   2
.data
                                  00000082  00000084         3   2
.option_byte
                                  000000c0  000000c3         4   1
.security_id
                                  000000c4  000000cd         a   1
.RLIB
                                  000000c4  000000c4         0   1
.monitor1
                                  000000ce  000000d7         a   1
.text
                                  000000d8  00000190        b9   1
.textf
                                  00000191  00000327       197   1
.SLIB
                                  00000328  0000033f        18   1
.const
                                  00000800  0000081f        20   2
.monitor2
                                  00001e00  00001fff       200   1
.rrm
                                  000ffb00  000ffb03         4   1
.bss
                                  000ffb04  000ffb04         0   2
.dataR
                                  000ffb04  000ffb06         3   2
.sbss
                                  000ffe20  000ffe20         0   2
.sdataR
                                  000ffe20  000ffe20         0   2
